Copyright 1986-2018 Xilinx, Inc. All Rights Reserved.
---------------------------------------------------------------------------------------------
| Tool Version : Vivado v.2018.2 (win64) Build 2258646 Thu Jun 14 20:03:12 MDT 2018
| Date         : Sun Apr 28 18:27:08 2019
| Host         : DESKTOP-BP5JPAP running 64-bit major release  (build 9200)
| Command      : report_control_sets -verbose -file design_1_wrapper_control_sets_placed.rpt
| Design       : design_1_wrapper
| Device       : xc7z007s
---------------------------------------------------------------------------------------------

Control Set Information

Table of Contents
-----------------
1. Summary
2. Histogram
3. Flip-Flop Distribution
4. Detailed Control Set Information

1. Summary
----------

+----------------------------------------------------------+-------+
|                          Status                          | Count |
+----------------------------------------------------------+-------+
| Number of unique control sets                            |   220 |
| Unused register locations in slices containing registers |   314 |
+----------------------------------------------------------+-------+


2. Histogram
------------

+--------+--------------+
| Fanout | Control Sets |
+--------+--------------+
|      4 |            1 |
|      8 |           11 |
|     10 |            9 |
|     12 |           17 |
|    16+ |          182 |
+--------+--------------+


3. Flip-Flop Distribution
-------------------------

+--------------+-----------------------+------------------------+-----------------+--------------+
| Clock Enable | Synchronous Set/Reset | Asynchronous Set/Reset | Total Registers | Total Slices |
+--------------+-----------------------+------------------------+-----------------+--------------+
| No           | No                    | No                     |             404 |           78 |
| No           | No                    | Yes                    |               0 |            0 |
| No           | Yes                   | No                     |             534 |          122 |
| Yes          | No                    | No                     |            5598 |         1261 |
| Yes          | No                    | Yes                    |               0 |            0 |
| Yes          | Yes                   | No                     |            2174 |          458 |
+--------------+-----------------------+------------------------+-----------------+--------------+


4. Detailed Control Set Information
-----------------------------------

+------------------------------------------------------+-------------------------------------------------------------------------------------------------------------------------------------------------------------------------------+----------------------------------------------------------------------------------------------------------------------------------------------+------------------+----------------+
|                     Clock Signal                     |                                                                                 Enable Signal                                                                                 |                                                               Set/Reset Signal                                                               | Slice Load Count | Bel Load Count |
+------------------------------------------------------+-------------------------------------------------------------------------------------------------------------------------------------------------------------------------------+----------------------------------------------------------------------------------------------------------------------------------------------+------------------+----------------+
|  design_1_i/clk_wiz_0/inst/clk_out1                  |                                                                                                                                                                               |                                                                                                                                              |                1 |              4 |
|  design_1_i/clk_wiz_0/inst/clk_out2                  |                                                                                                                                                                               | design_1_i/smartconnect_0/inst/m01_exit_pipeline/m01_exit/inst/splitter_inst/gen_axi4lite.axilite_b2s/SI_REG/b_pipe/m_valid_i_reg_0          |                3 |              8 |
|  design_1_i/clk_wiz_0/inst/clk_out2                  |                                                                                                                                                                               | design_1_i/smartconnect_0/inst/m01_exit_pipeline/m01_exit/inst/splitter_inst/gen_axi4lite.axilite_b2s/WR.b_channel_0/gen_b_reg.bresp_empty_i |                2 |              8 |
|  design_1_i/clk_wiz_0/inst/clk_out2                  |                                                                                                                                                                               | design_1_i/proc_sys_reset_0/U0/EXT_LPF/lpf_int                                                                                               |                1 |              8 |
|  design_1_i/clk_wiz_0/inst/clk_out2                  |                                                                                                                                                                               | design_1_i/smartconnect_0/inst/m00_exit_pipeline/m00_exit/inst/splitter_inst/gen_axi4lite.axilite_b2s/SI_REG/b_pipe/m_valid_i_reg_0          |                3 |              8 |
|  design_1_i/clk_wiz_0/inst/clk_out2                  |                                                                                                                                                                               | design_1_i/smartconnect_0/inst/clk_map/psr_aclk/U0/EXT_LPF/lpf_int                                                                           |                2 |              8 |
|  design_1_i/clk_wiz_0/inst/clk_out2                  |                                                                                                                                                                               | design_1_i/smartconnect_0/inst/m02_exit_pipeline/m02_exit/inst/splitter_inst/gen_axi4lite.axilite_b2s/SI_REG/b_pipe/m_valid_i_reg_0          |                3 |              8 |
|  design_1_i/clk_wiz_0/inst/clk_out2                  |                                                                                                                                                                               | design_1_i/smartconnect_0/inst/m00_exit_pipeline/m00_exit/inst/splitter_inst/gen_axi4lite.axilite_b2s/WR.b_channel_0/gen_b_reg.bresp_empty_i |                2 |              8 |
|  design_1_i/clk_wiz_0/inst/clk_out2                  |                                                                                                                                                                               | design_1_i/smartconnect_0/inst/m02_exit_pipeline/m02_exit/inst/splitter_inst/gen_axi4lite.axilite_b2s/WR.b_channel_0/gen_b_reg.bresp_empty_i |                2 |              8 |
|  design_1_i/clk_wiz_0/inst/clk_out2                  | design_1_i/smartconnect_0/inst/s00_entry_pipeline/s00_si_converter/inst/converter.wrap_narrow_inst/w_payld_fifo/cmd_fifo/read_offset_reg[0]                                   | design_1_i/smartconnect_0/inst/s00_entry_pipeline/s00_si_converter/inst/areset                                                               |                2 |              8 |
|  design_1_i/clk_wiz_0/inst/clk_out2                  | design_1_i/smartconnect_0/inst/s00_entry_pipeline/s00_si_converter/inst/converter.wrap_narrow_inst/gen_thread_loop[0].r_payld_fifo/cmd_fifo/read_offset_reg[0]                | design_1_i/smartconnect_0/inst/s00_entry_pipeline/s00_si_converter/inst/areset                                                               |                2 |              8 |
|  design_1_i/clk_wiz_0/inst/clk_out2                  | design_1_i/smartconnect_0/inst/s00_entry_pipeline/s00_si_converter/inst/converter.wrap_narrow_inst/w_payld_fifo/w_accum_continue_d                                            | design_1_i/smartconnect_0/inst/s00_entry_pipeline/s00_si_converter/inst/areset                                                               |                1 |              8 |
|  design_1_i/clk_wiz_0/inst/clk_out2                  | design_1_i/smartconnect_0/inst/m01_exit_pipeline/m01_exit/inst/splitter_inst/gen_axi4lite.axilite_b2s/RD.r_channel_0/rd_data_fifo_0/E[0]                                      | design_1_i/smartconnect_0/inst/m01_exit_pipeline/m01_exit/inst/splitter_inst/gen_axi4lite.axilite_b2s/areset_d1                              |                3 |             10 |
|  design_1_i/clk_wiz_0/inst/clk_out2                  | design_1_i/smartconnect_0/inst/m02_exit_pipeline/m02_exit/inst/splitter_inst/gen_axi4lite.axilite_b2s/RD.r_channel_0/rd_data_fifo_0/cnt_read[4]_i_1__0_n_0                    | design_1_i/smartconnect_0/inst/m02_exit_pipeline/m02_exit/inst/splitter_inst/gen_axi4lite.axilite_b2s/areset_d1                              |                3 |             10 |
|  design_1_i/clk_wiz_0/inst/clk_out2                  | design_1_i/smartconnect_0/inst/m01_exit_pipeline/m01_exit/inst/splitter_inst/gen_axi4lite.axilite_b2s/RD.r_channel_0/rd_data_fifo_0/cnt_read[4]_i_1__0_n_0                    | design_1_i/smartconnect_0/inst/m01_exit_pipeline/m01_exit/inst/splitter_inst/gen_axi4lite.axilite_b2s/areset_d1                              |                3 |             10 |
|  design_1_i/clk_wiz_0/inst/clk_out2                  | design_1_i/smartconnect_0/inst/m00_exit_pipeline/m00_exit/inst/splitter_inst/gen_axi4lite.axilite_b2s/RD.r_channel_0/rd_data_fifo_0/E[0]                                      | design_1_i/smartconnect_0/inst/m00_exit_pipeline/m00_exit/inst/splitter_inst/gen_axi4lite.axilite_b2s/areset_d1                              |                3 |             10 |
|  design_1_i/clk_wiz_0/inst/clk_out2                  | design_1_i/smartconnect_0/inst/m02_exit_pipeline/m02_exit/inst/splitter_inst/gen_axi4lite.axilite_b2s/RD.r_channel_0/rd_data_fifo_0/E[0]                                      | design_1_i/smartconnect_0/inst/m02_exit_pipeline/m02_exit/inst/splitter_inst/gen_axi4lite.axilite_b2s/areset_d1                              |                3 |             10 |
|  design_1_i/clk_wiz_0/inst/clk_out2                  | design_1_i/smartconnect_0/inst/m00_exit_pipeline/m00_exit/inst/splitter_inst/gen_axi4lite.axilite_b2s/RD.r_channel_0/rd_data_fifo_0/cnt_read[4]_i_1__0_n_0                    | design_1_i/smartconnect_0/inst/m00_exit_pipeline/m00_exit/inst/splitter_inst/gen_axi4lite.axilite_b2s/areset_d1                              |                4 |             10 |
|  design_1_i/clk_wiz_0/inst/clk_out2                  | design_1_i/smartconnect_0/inst/s00_entry_pipeline/s00_si_converter/inst/converter.wrap_narrow_inst/gen_thread_loop[0].r_payld_fifo/E[0]                                       | design_1_i/smartconnect_0/inst/s00_entry_pipeline/s00_si_converter/inst/areset                                                               |                2 |             10 |
|  design_1_i/clk_wiz_0/inst/clk_out2                  | design_1_i/smartconnect_0/inst/s00_entry_pipeline/s00_si_converter/inst/converter.wrap_narrow_inst/gen_thread_loop[0].r_payld_fifo/fifoaddr[4]_i_1__4_n_0                     | design_1_i/smartconnect_0/inst/s00_entry_pipeline/s00_si_converter/inst/areset                                                               |                4 |             10 |
|  design_1_i/clk_wiz_0/inst/clk_out2                  | design_1_i/smartconnect_0/inst/s00_entry_pipeline/s00_si_converter/inst/converter.wrap_narrow_inst/w_payld_fifo/fifoaddr[4]_i_1__1_n_0                                        | design_1_i/smartconnect_0/inst/s00_entry_pipeline/s00_si_converter/inst/areset                                                               |                3 |             10 |
|  design_1_i/clk_wiz_0/inst/clk_out2                  | design_1_i/smartconnect_0/inst/m02_exit_pipeline/m02_exit/inst/splitter_inst/gen_axi4lite.axilite_b2s/WR.aw_channel_0/null_beat_supress_0/first_beat                          |                                                                                                                                              |                2 |             12 |
|  design_1_i/clk_wiz_0/inst/clk_out2                  | design_1_i/smartconnect_0/inst/m02_exit_pipeline/m02_exit/inst/splitter_inst/gen_axi4lite.axilite_b2s/RD.ar_channel_0/ar_cmd_fsm_0/E[0]                                       |                                                                                                                                              |                2 |             12 |
|  design_1_i/clk_wiz_0/inst/clk_out2                  |                                                                                                                                                                               | design_1_i/myip_0/inst/myip_v1_0_INSTR_AXI_inst/SR[0]                                                                                        |                2 |             12 |
|  design_1_i/clk_wiz_0/inst/clk_out2                  |                                                                                                                                                                               | design_1_i/myip_0/inst/myip_v1_0_DATA_AXI_inst/SR[0]                                                                                         |                3 |             12 |
|  design_1_i/clk_wiz_0/inst/clk_out2                  |                                                                                                                                                                               | design_1_i/smartconnect_0/inst/m01_exit_pipeline/m01_exit/inst/exit_inst/gen_w_cmd_reg.s_write_cmd_vacancy_i_reg_1                           |                3 |             12 |
|  design_1_i/clk_wiz_0/inst/clk_out2                  |                                                                                                                                                                               | design_1_i/smartconnect_0/inst/m00_exit_pipeline/m00_exit/inst/exit_inst/gen_w_cmd_reg.s_write_cmd_vacancy_i_reg_1                           |                5 |             12 |
|  design_1_i/clk_wiz_0/inst/clk_out2                  | design_1_i/smartconnect_0/inst/s00_entry_pipeline/s00_mmu/inst/ar_reg_stall/E[0]                                                                                              | design_1_i/smartconnect_0/inst/s00_entry_pipeline/s00_mmu/inst/areset                                                                        |                2 |             12 |
|  design_1_i/clk_wiz_0/inst/clk_out2                  | design_1_i/smartconnect_0/inst/s00_entry_pipeline/s00_si_converter/inst/converter.wrap_narrow_inst/w_cmd_fifo/gen_pipelined.load_mesg                                         |                                                                                                                                              |                3 |             12 |
|  design_1_i/clk_wiz_0/inst/clk_out2                  | design_1_i/smartconnect_0/inst/s00_entry_pipeline/s00_si_converter/inst/converter.wrap_narrow_inst/w_cmd_fifo/gen_srls[10].srl_nx1/shift                                      |                                                                                                                                              |                2 |             12 |
|  design_1_i/clk_wiz_0/inst/clk_out2                  | design_1_i/smartconnect_0/inst/s00_entry_pipeline/s00_mmu/inst/gen_wroute_reg.wroute_split/E[0]                                                                               | design_1_i/smartconnect_0/inst/s00_entry_pipeline/s00_mmu/inst/areset                                                                        |                3 |             12 |
|  design_1_i/clk_wiz_0/inst/clk_out2                  |                                                                                                                                                                               | design_1_i/smartconnect_0/inst/m02_exit_pipeline/m02_exit/inst/exit_inst/gen_w_cmd_reg.s_write_cmd_vacancy_i_reg_1                           |                3 |             12 |
|  design_1_i/clk_wiz_0/inst/clk_out2                  | design_1_i/smartconnect_0/inst/m02_exit_pipeline/m02_exit/inst/splitter_inst/gen_axi4lite.axilite_b2s/WR.aw_channel_0/cmd_translator_0/incr_cmd_0/axaddr_incr[7]_i_1_n_0      |                                                                                                                                              |                1 |             12 |
|  design_1_i/clk_wiz_0/inst/clk_out2                  | design_1_i/smartconnect_0/inst/s00_entry_pipeline/s00_mmu/inst/gen_wroute_reg.wroute_split/gen_endpoint.w_cnt_reg[5]_0[0]                                                     | design_1_i/smartconnect_0/inst/s00_entry_pipeline/s00_mmu/inst/areset                                                                        |                3 |             12 |
|  design_1_i/clk_wiz_0/inst/clk_out2                  | design_1_i/smartconnect_0/inst/clk_map/psr_aclk/U0/SEQ/seq_cnt_en                                                                                                             | design_1_i/smartconnect_0/inst/clk_map/psr_aclk/U0/SEQ/SEQ_COUNTER/clear                                                                     |                2 |             12 |
|  design_1_i/clk_wiz_0/inst/clk_out2                  | design_1_i/myip_0/inst/myip_v1_0_REGS_AXI_inst/axi_awready0                                                                                                                   | design_1_i/myip_0/inst/myip_v1_0_REGS_AXI_inst/p_0_in__0                                                                                     |                2 |             12 |
|  design_1_i/clk_wiz_0/inst/clk_out2                  | design_1_i/proc_sys_reset_0/U0/SEQ/seq_cnt_en                                                                                                                                 | design_1_i/proc_sys_reset_0/U0/SEQ/SEQ_COUNTER/clear                                                                                         |                1 |             12 |
|  design_1_i/clk_wiz_0/inst/clk_out2                  | design_1_i/smartconnect_0/inst/s00_entry_pipeline/s00_si_converter/inst/converter.wrap_narrow_inst/w_cmd_fifo/w_accum_continue1                                               |                                                                                                                                              |                2 |             12 |
|  design_1_i/clk_wiz_0/inst/clk_out2                  |                                                                                                                                                                               | design_1_i/myip_0/inst/myip_v1_0_REGS_AXI_inst/p_0_in__0                                                                                     |                4 |             16 |
|  design_1_i/clk_wiz_0/inst/clk_out2                  | design_1_i/smartconnect_0/inst/s00_entry_pipeline/s00_si_converter/inst/converter.wrap_narrow_inst/w_payld_fifo/cmd_fifo/beat_cnt_reg[0][0]                                   | design_1_i/smartconnect_0/inst/s00_entry_pipeline/s00_si_converter/inst/areset                                                               |                3 |             16 |
|  design_1_i/clk_wiz_0/inst/clk_out2                  | design_1_i/smartconnect_0/inst/s00_entry_pipeline/s00_si_converter/inst/converter.wrap_narrow_inst/w_cmd_fifo/E[0]                                                            | design_1_i/smartconnect_0/inst/s00_entry_pipeline/s00_si_converter/inst/areset                                                               |                4 |             16 |
|  design_1_i/clk_wiz_0/inst/clk_out2                  | design_1_i/smartconnect_0/inst/s00_entry_pipeline/s00_mmu/inst/gen_endpoint.decerr_slave_inst/gen_axi.gen_read.read_cnt[7]_i_1_n_0                                            | design_1_i/smartconnect_0/inst/s00_entry_pipeline/s00_mmu/inst/areset                                                                        |                4 |             16 |
|  design_1_i/clk_wiz_0/inst/clk_out2                  | design_1_i/smartconnect_0/inst/s00_entry_pipeline/s00_si_converter/inst/converter.wrap_narrow_inst/gen_thread_loop[0].r_cmd_fifo/gen_srls[11].srl_nx1/shift                   |                                                                                                                                              |                3 |             16 |
|  design_1_i/clk_wiz_0/inst/clk_out2                  | design_1_i/smartconnect_0/inst/s00_entry_pipeline/s00_si_converter/inst/converter.wrap_narrow_inst/gen_thread_loop[0].r_cmd_fifo/E[0]                                         | design_1_i/smartconnect_0/inst/s00_entry_pipeline/s00_si_converter/inst/areset                                                               |                3 |             16 |
|  design_1_i/clk_wiz_0/inst/clk_out2                  | design_1_i/smartconnect_0/inst/s00_entry_pipeline/s00_si_converter/inst/converter.wrap_narrow_inst/gen_thread_loop[0].r_cmd_fifo/gen_pipelined.load_mesg                      |                                                                                                                                              |                2 |             16 |
|  design_1_i/clk_wiz_0/inst/clk_out2                  | design_1_i/smartconnect_0/inst/s00_entry_pipeline/s00_si_converter/inst/converter.wrap_narrow_inst/gen_thread_loop[0].r_payld_fifo/cmd_fifo/gen_srls[11].srl_nx1/shift        |                                                                                                                                              |                2 |             16 |
|  design_1_i/clk_wiz_0/inst/clk_out2                  | design_1_i/smartconnect_0/inst/s00_entry_pipeline/s00_si_converter/inst/converter.wrap_narrow_inst/gen_thread_loop[0].r_payld_fifo/cmd_fifo/beat_cnt_reg[0][0]                | design_1_i/smartconnect_0/inst/s00_entry_pipeline/s00_si_converter/inst/areset                                                               |                4 |             16 |
|  design_1_i/clk_wiz_0/inst/clk_out2                  | design_1_i/smartconnect_0/inst/s00_entry_pipeline/s00_si_converter/inst/converter.wrap_narrow_inst/w_payld_fifo/w_accum_reg[data][31][3]                                      |                                                                                                                                              |                4 |             16 |
|  design_1_i/clk_wiz_0/inst/clk_out2                  | design_1_i/smartconnect_0/inst/s00_entry_pipeline/s00_si_converter/inst/converter.wrap_narrow_inst/w_payld_fifo/w_accum_reg[data][31][2]                                      |                                                                                                                                              |                5 |             16 |
|  design_1_i/clk_wiz_0/inst/clk_out2                  | design_1_i/smartconnect_0/inst/m02_exit_pipeline/m02_exit/inst/splitter_inst/gen_axi4lite.axilite_b2s/WR.b_channel_0/WR.aw_channel_0/null_beat_supress_0/p_1_in               |                                                                                                                                              |                4 |             16 |
|  design_1_i/clk_wiz_0/inst/clk_out2                  | design_1_i/smartconnect_0/inst/m02_exit_pipeline/m02_exit/inst/splitter_inst/gen_axi4lite.axilite_b2s/WR.aw_channel_0/aw_cmd_fsm_0/E[0]                                       |                                                                                                                                              |                3 |             16 |
|  design_1_i/clk_wiz_0/inst/clk_out2                  | design_1_i/smartconnect_0/inst/m01_exit_pipeline/m01_exit/inst/splitter_inst/gen_axi4lite.axilite_b2s/RD.ar_channel_0/ar_cmd_fsm_0/axlen_cnt_reg[0][0]                        |                                                                                                                                              |                3 |             16 |
|  design_1_i/clk_wiz_0/inst/clk_out2                  | design_1_i/smartconnect_0/inst/m00_exit_pipeline/m00_exit/inst/splitter_inst/gen_axi4lite.axilite_b2s/WR.aw_channel_0/aw_cmd_fsm_0/E[0]                                       |                                                                                                                                              |                3 |             16 |
|  design_1_i/clk_wiz_0/inst/clk_out2                  | design_1_i/smartconnect_0/inst/m00_exit_pipeline/m00_exit/inst/splitter_inst/gen_axi4lite.axilite_b2s/RD.ar_channel_0/ar_cmd_fsm_0/axlen_cnt_reg[0][0]                        |                                                                                                                                              |                3 |             16 |
|  design_1_i/clk_wiz_0/inst/clk_out2                  | design_1_i/smartconnect_0/inst/s00_entry_pipeline/s00_si_converter/inst/converter.wrap_narrow_inst/gen_thread_loop[0].r_payld_fifo/cmd_fifo/gen_pipelined.load_mesg           |                                                                                                                                              |                3 |             16 |
|  design_1_i/clk_wiz_0/inst/clk_out2                  | design_1_i/smartconnect_0/inst/m02_exit_pipeline/m02_exit/inst/splitter_inst/gen_axi4lite.axilite_b2s/RD.ar_channel_0/ar_cmd_fsm_0/axlen_cnt_reg[0][0]                        |                                                                                                                                              |                3 |             16 |
|  design_1_i/clk_wiz_0/inst/clk_out2                  | design_1_i/smartconnect_0/inst/m01_exit_pipeline/m01_exit/inst/splitter_inst/gen_axi4lite.axilite_b2s/WR.b_channel_0/WR.aw_channel_0/null_beat_supress_0/p_1_in               |                                                                                                                                              |                3 |             16 |
|  design_1_i/clk_wiz_0/inst/clk_out2                  | design_1_i/smartconnect_0/inst/m01_exit_pipeline/m01_exit/inst/splitter_inst/gen_axi4lite.axilite_b2s/WR.aw_channel_0/aw_cmd_fsm_0/E[0]                                       |                                                                                                                                              |                4 |             16 |
|  design_1_i/clk_wiz_0/inst/clk_out2                  | design_1_i/smartconnect_0/inst/m00_exit_pipeline/m00_exit/inst/splitter_inst/gen_axi4lite.axilite_b2s/WR.b_channel_0/WR.aw_channel_0/null_beat_supress_0/p_1_in               |                                                                                                                                              |                3 |             16 |
|  design_1_i/clk_wiz_0/inst/clk_out2                  | design_1_i/smartconnect_0/inst/s00_entry_pipeline/s00_si_converter/inst/converter.wrap_narrow_inst/w_payld_fifo/cmd_fifo/gen_srls[11].srl_nx1/shift                           |                                                                                                                                              |                2 |             16 |
|  design_1_i/clk_wiz_0/inst/clk_out2                  | design_1_i/smartconnect_0/inst/s00_entry_pipeline/s00_si_converter/inst/converter.wrap_narrow_inst/w_payld_fifo/cmd_fifo/gen_pipelined.load_mesg                              |                                                                                                                                              |                3 |             16 |
|  design_1_i/clk_wiz_0/inst/clk_out2                  |                                                                                                                                                                               | design_1_i/smartconnect_0/inst/m00_exit_pipeline/m00_exit/inst/splitter_inst/gen_axi4lite.axilite_b2s/areset_d1                              |                6 |             18 |
|  design_1_i/clk_wiz_0/inst/clk_out2                  |                                                                                                                                                                               | design_1_i/smartconnect_0/inst/m02_exit_pipeline/m02_exit/inst/splitter_inst/gen_axi4lite.axilite_b2s/areset_d1                              |                7 |             18 |
|  design_1_i/clk_wiz_0/inst/clk_out2                  | design_1_i/smartconnect_0/inst/m02_exit_pipeline/m02_exit/inst/splitter_inst/gen_axi4lite.axilite_b2s/WR.aw_channel_0/null_beat_supress_0/count                               | design_1_i/smartconnect_0/inst/m02_exit_pipeline/m02_exit/inst/splitter_inst/gen_axi4lite.axilite_b2s/WR.aw_channel_0/aw_cmd_fsm_0/SR[0]     |                3 |             18 |
|  design_1_i/clk_wiz_0/inst/clk_out2                  | design_1_i/smartconnect_0/inst/s00_entry_pipeline/s00_si_converter/inst/converter.wrap_narrow_inst/w_payld_fifo/w_accum_reg[data][31][0]                                      |                                                                                                                                              |                2 |             18 |
|  design_1_i/clk_wiz_0/inst/clk_out2                  | design_1_i/smartconnect_0/inst/s00_entry_pipeline/s00_si_converter/inst/converter.wrap_narrow_inst/w_payld_fifo/w_accum_reg[data][31][1]                                      |                                                                                                                                              |                5 |             18 |
|  design_1_i/clk_wiz_0/inst/clk_out2                  | design_1_i/smartconnect_0/inst/m01_exit_pipeline/m01_exit/inst/splitter_inst/gen_axi4lite.axilite_b2s/WR.b_channel_0/mhandshake_r                                             | design_1_i/smartconnect_0/inst/m01_exit_pipeline/m01_exit/inst/splitter_inst/gen_axi4lite.axilite_b2s/WR.b_channel_0/s_bresp_acc0            |                3 |             18 |
|  design_1_i/clk_wiz_0/inst/clk_out2                  | design_1_i/smartconnect_0/inst/m00_exit_pipeline/m00_exit/inst/splitter_inst/gen_axi4lite.axilite_b2s/WR.aw_channel_0/null_beat_supress_0/count                               | design_1_i/smartconnect_0/inst/m00_exit_pipeline/m00_exit/inst/splitter_inst/gen_axi4lite.axilite_b2s/WR.aw_channel_0/aw_cmd_fsm_0/SR[0]     |                2 |             18 |
|  design_1_i/clk_wiz_0/inst/clk_out2                  | design_1_i/smartconnect_0/inst/m02_exit_pipeline/m02_exit/inst/splitter_inst/gen_axi4lite.axilite_b2s/WR.b_channel_0/mhandshake_r                                             | design_1_i/smartconnect_0/inst/m02_exit_pipeline/m02_exit/inst/splitter_inst/gen_axi4lite.axilite_b2s/WR.b_channel_0/s_bresp_acc0            |                2 |             18 |
|  design_1_i/clk_wiz_0/inst/clk_out2                  |                                                                                                                                                                               | design_1_i/smartconnect_0/inst/m01_exit_pipeline/m01_exit/inst/splitter_inst/gen_axi4lite.axilite_b2s/areset_d1                              |                7 |             18 |
|  design_1_i/clk_wiz_0/inst/clk_out2                  | design_1_i/smartconnect_0/inst/m00_exit_pipeline/m00_exit/inst/splitter_inst/gen_axi4lite.axilite_b2s/WR.b_channel_0/mhandshake_r                                             | design_1_i/smartconnect_0/inst/m00_exit_pipeline/m00_exit/inst/splitter_inst/gen_axi4lite.axilite_b2s/WR.b_channel_0/s_bresp_acc0            |                3 |             18 |
|  design_1_i/clk_wiz_0/inst/clk_out2                  | design_1_i/smartconnect_0/inst/s00_entry_pipeline/s00_si_converter/inst/converter.wrap_narrow_inst/w_payld_fifo/cmd_fifo/E[0]                                                 | design_1_i/smartconnect_0/inst/s00_entry_pipeline/s00_si_converter/inst/areset                                                               |                2 |             18 |
|  design_1_i/clk_wiz_0/inst/clk_out2                  | design_1_i/smartconnect_0/inst/m01_exit_pipeline/m01_exit/inst/splitter_inst/gen_axi4lite.axilite_b2s/WR.aw_channel_0/null_beat_supress_0/count                               | design_1_i/smartconnect_0/inst/m01_exit_pipeline/m01_exit/inst/splitter_inst/gen_axi4lite.axilite_b2s/WR.aw_channel_0/aw_cmd_fsm_0/SR[0]     |                2 |             18 |
|  design_1_i/clk_wiz_0/inst/clk_out2                  | design_1_i/smartconnect_0/inst/s00_entry_pipeline/s00_si_converter/inst/converter.wrap_narrow_inst/gen_thread_loop[0].r_payld_fifo/cmd_fifo/E[0]                              | design_1_i/smartconnect_0/inst/s00_entry_pipeline/s00_si_converter/inst/areset                                                               |                2 |             18 |
|  design_1_i/clk_wiz_0/inst/clk_out2                  | design_1_i/smartconnect_0/inst/m02_exit_pipeline/m02_exit/inst/splitter_inst/gen_axi4lite.axilite_b2s/SI_REG/aw_pipe/m_payload_i[14]_i_1_n_0                                  |                                                                                                                                              |                3 |             20 |
|  design_1_i/clk_wiz_0/inst/clk_out2                  | design_1_i/smartconnect_0/inst/m00_exit_pipeline/m00_exit/inst/splitter_inst/gen_axi4lite.axilite_b2s/RD.ar_channel_0/ar_cmd_fsm_0/E[0]                                       |                                                                                                                                              |                3 |             20 |
|  design_1_i/clk_wiz_0/inst/clk_out2                  | design_1_i/smartconnect_0/inst/m00_exit_pipeline/m00_exit/inst/splitter_inst/gen_axi4lite.axilite_b2s/WR.aw_channel_0/null_beat_supress_0/first_beat                          |                                                                                                                                              |                5 |             20 |
|  design_1_i/clk_wiz_0/inst/clk_out2                  | design_1_i/smartconnect_0/inst/m01_exit_pipeline/m01_exit/inst/splitter_inst/gen_axi4lite.axilite_b2s/RD.ar_channel_0/ar_cmd_fsm_0/E[0]                                       |                                                                                                                                              |                2 |             20 |
|  design_1_i/clk_wiz_0/inst/clk_out2                  | design_1_i/smartconnect_0/inst/m02_exit_pipeline/m02_exit/inst/splitter_inst/gen_axi4lite.axilite_b2s/SI_REG/ar_pipe/m_payload_i[14]_i_1__0_n_0                               |                                                                                                                                              |                4 |             20 |
|  design_1_i/clk_wiz_0/inst/clk_out2                  | design_1_i/smartconnect_0/inst/m00_exit_pipeline/m00_exit/inst/splitter_inst/gen_axi4lite.axilite_b2s/WR.aw_channel_0/cmd_translator_0/incr_cmd_0/axaddr_incr[11]_i_1_n_0     |                                                                                                                                              |                3 |             20 |
|  design_1_i/clk_wiz_0/inst/clk_out2                  | design_1_i/smartconnect_0/inst/m01_exit_pipeline/m01_exit/inst/splitter_inst/gen_axi4lite.axilite_b2s/WR.aw_channel_0/null_beat_supress_0/first_beat                          |                                                                                                                                              |                5 |             20 |
|  design_1_i/clk_wiz_0/inst/clk_out2                  | design_1_i/smartconnect_0/inst/s00_entry_pipeline/s00_si_converter/inst/converter.wrap_narrow_inst/gen_thread_loop[0].r_payld_fifo/gen_thread_loop[0].r_beat_cnt_reg[0][0][0] | design_1_i/smartconnect_0/inst/s00_entry_pipeline/s00_si_converter/inst/areset                                                               |                4 |             20 |
|  design_1_i/clk_wiz_0/inst/clk_out2                  | design_1_i/smartconnect_0/inst/m01_exit_pipeline/m01_exit/inst/splitter_inst/gen_axi4lite.axilite_b2s/WR.aw_channel_0/cmd_translator_0/incr_cmd_0/axaddr_incr[11]_i_1_n_0     |                                                                                                                                              |                4 |             20 |
|  design_1_i/clk_wiz_0/inst/clk_out2                  |                                                                                                                                                                               | design_1_i/smartconnect_0/inst/switchboards/i_nodes/i_b_node/inst/inst_si_handler/inst_mi_handler/m_sc_areset_r                              |                4 |             24 |
|  design_1_i/clk_wiz_0/inst/clk_out2                  |                                                                                                                                                                               | design_1_i/smartconnect_0/inst/switchboards/i_nodes/i_r_node/inst/inst_si_handler/inst_mi_handler/m_sc_areset_r                              |                5 |             24 |
|  design_1_i/clk_wiz_0/inst/clk_out2                  | design_1_i/smartconnect_0/inst/s00_entry_pipeline/s00_mmu/inst/gen_endpoint.decerr_slave_inst/gen_axi.gen_write.s_axi_bid_i                                                   | design_1_i/smartconnect_0/inst/s00_entry_pipeline/s00_mmu/inst/areset                                                                        |                3 |             24 |
|  design_1_i/clk_wiz_0/inst/clk_out2                  | design_1_i/smartconnect_0/inst/s00_entry_pipeline/s00_mmu/inst/gen_endpoint.decerr_slave_inst/gen_axi.gen_read.s_axi_rid_i[11]_i_1_n_0                                        | design_1_i/smartconnect_0/inst/s00_entry_pipeline/s00_mmu/inst/areset                                                                        |                3 |             24 |
|  design_1_i/clk_wiz_0/inst/clk_out2                  | design_1_i/smartconnect_0/inst/s00_entry_pipeline/s00_transaction_regulator/inst/gen_endpoint.gen_r_singleorder.r_singleorder/gen_id_reg.s_rid_i0                             |                                                                                                                                              |                4 |             24 |
|  design_1_i/clk_wiz_0/inst/clk_out2                  | design_1_i/smartconnect_0/inst/s00_entry_pipeline/s00_transaction_regulator/inst/gen_endpoint.gen_w_singleorder.w_singleorder/gen_id_reg.s_rid_i0                             |                                                                                                                                              |                4 |             24 |
|  design_1_i/clk_wiz_0/inst/clk_out2                  | design_1_i/myip_0/inst/myip_v1_0_REGS_AXI_inst/axi_arready0                                                                                                                   | design_1_i/myip_0/inst/myip_v1_0_REGS_AXI_inst/p_0_in__0                                                                                     |                6 |             26 |
|  design_1_i/clk_wiz_0/inst/clk_out2                  | design_1_i/smartconnect_0/inst/m00_exit_pipeline/m00_exit/inst/splitter_inst/gen_axi4lite.axilite_b2s/SI_REG/ar_pipe/m_payload_i[14]_i_1__0_n_0                               |                                                                                                                                              |                4 |             28 |
|  design_1_i/clk_wiz_0/inst/clk_out2                  | design_1_i/smartconnect_0/inst/m00_exit_pipeline/m00_exit/inst/splitter_inst/gen_axi4lite.axilite_b2s/SI_REG/aw_pipe/m_payload_i[14]_i_1_n_0                                  |                                                                                                                                              |                5 |             28 |
|  design_1_i/clk_wiz_0/inst/clk_out2                  | design_1_i/smartconnect_0/inst/m01_exit_pipeline/m01_exit/inst/splitter_inst/gen_axi4lite.axilite_b2s/SI_REG/aw_pipe/m_payload_i[14]_i_1_n_0                                  |                                                                                                                                              |                4 |             28 |
|  design_1_i/clk_wiz_0/inst/clk_out2                  | design_1_i/smartconnect_0/inst/m01_exit_pipeline/m01_exit/inst/splitter_inst/gen_axi4lite.axilite_b2s/SI_REG/ar_pipe/m_payload_i[14]_i_1__0_n_0                               |                                                                                                                                              |                4 |             28 |
|  design_1_i/clk_wiz_0/inst/clk_out2                  | design_1_i/smartconnect_0/inst/s00_entry_pipeline/s00_si_converter/inst/converter.wrap_narrow_inst/ar_reg_slice/m_vector_i[1072]_i_1__0_n_0                                   |                                                                                                                                              |                3 |             34 |
|  design_1_i/clk_wiz_0/inst/clk_out2                  | design_1_i/smartconnect_0/inst/s00_entry_pipeline/s00_si_converter/inst/converter.wrap_narrow_inst/aw_reg_slice/skid_buffer[1136]_i_1_n_0                                     |                                                                                                                                              |                4 |             34 |
|  design_1_i/clk_wiz_0/inst/clk_out2                  | design_1_i/smartconnect_0/inst/s00_entry_pipeline/s00_si_converter/inst/converter.wrap_narrow_inst/ar_reg_slice/skid_buffer[1136]_i_1__0_n_0                                  |                                                                                                                                              |                3 |             34 |
|  design_1_i/clk_wiz_0/inst/clk_out2                  | design_1_i/smartconnect_0/inst/s00_entry_pipeline/s00_si_converter/inst/converter.wrap_narrow_inst/aw_reg_slice/m_vector_i[1072]_i_1_n_0                                      |                                                                                                                                              |                3 |             34 |
|  design_1_i/clk_wiz_0/inst/clk_out2                  | design_1_i/smartconnect_0/inst/switchboards/i_nodes/i_ar_node/inst/inst_si_handler/inst_arb_stall_late/inst_mi_handler/ingress_valid                                          |                                                                                                                                              |                4 |             34 |
|  design_1_i/clk_wiz_0/inst/clk_out2                  | design_1_i/smartconnect_0/inst/switchboards/i_nodes/i_aw_node/inst/inst_si_handler/inst_arb_stall_late/inst_mi_handler/ingress_valid                                          |                                                                                                                                              |                4 |             34 |
|  design_1_i/clk_wiz_0/inst/clk_out2                  | design_1_i/myip_0/inst/myip_v1_0_INSTR_AXI_inst/axi_awready0                                                                                                                  | design_1_i/myip_0/inst/myip_v1_0_INSTR_AXI_inst/SR[0]                                                                                        |                7 |             44 |
|  design_1_i/clk_wiz_0/inst/clk_out2                  |                                                                                                                                                                               | design_1_i/smartconnect_0/inst/s00_entry_pipeline/s00_mmu/inst/areset                                                                        |               11 |             46 |
|  design_1_i/clk_wiz_0/inst/clk_out2                  | design_1_i/smartconnect_0/inst/s00_entry_pipeline/s00_si_converter/inst/converter.wrap_narrow_inst/w_shelve_d                                                                 |                                                                                                                                              |                8 |             54 |
|  design_1_i/clk_wiz_0/inst/clk_out2                  | design_1_i/myip_0/inst/myip_v1_0_INSTR_AXI_inst/axi_arready0                                                                                                                  | design_1_i/myip_0/inst/myip_v1_0_INSTR_AXI_inst/SR[0]                                                                                        |                8 |             56 |
|  design_1_i/clk_wiz_0/inst/clk_out2                  | design_1_i/myip_0/inst/myip_v1_0_DATA_AXI_inst/axi_awaddr_reg[2]_rep__1_0                                                                                                     | design_1_i/myip_0/inst/myip_v1_0_DATA_AXI_inst/SR[0]                                                                                         |                8 |             56 |
|  design_1_i/clk_wiz_0/inst/clk_out2                  | design_1_i/myip_0/inst/myip_v1_0_DATA_AXI_inst/axi_arready0_0                                                                                                                 | design_1_i/myip_0/inst/myip_v1_0_DATA_AXI_inst/SR[0]                                                                                         |                9 |             56 |
|  design_1_i/clk_wiz_0/inst/clk_out2                  | design_1_i/myip_0/inst/myip_v1_0_REGS_AXI_inst/slv_reg[63][31]_i_1_n_0                                                                                                        | design_1_i/myip_0/inst/myip_v1_0_REGS_AXI_inst/p_0_in__0                                                                                     |               12 |             60 |
|  design_1_i/clk_wiz_0/inst/clk_out2                  | design_1_i/smartconnect_0/inst/s00_entry_pipeline/s00_mmu/inst/ar_reg_stall/m_vector_i[1136]_i_1_n_0                                                                          |                                                                                                                                              |                8 |             62 |
|  design_1_i/clk_wiz_0/inst/clk_out2                  | design_1_i/smartconnect_0/inst/s00_entry_pipeline/s00_mmu/inst/aw_reg_stall/m_vector_i[1136]_i_1__0_n_0                                                                       |                                                                                                                                              |               11 |             62 |
|  design_1_i/clk_wiz_0/inst/clk_out2                  | design_1_i/myip_0/inst/myip_v1_0_REGS_AXI_inst/slv_reg[36][31]_i_1_n_0                                                                                                        |                                                                                                                                              |               14 |             64 |
|  design_1_i/clk_wiz_0/inst/clk_out2                  | design_1_i/myip_0/inst/myip_v1_0_REGS_AXI_inst/slv_reg[37][31]_i_1_n_0                                                                                                        |                                                                                                                                              |               16 |             64 |
|  design_1_i/clk_wiz_0/inst/clk_out2                  | design_1_i/myip_0/inst/myip_v1_0_REGS_AXI_inst/slv_reg[38][31]_i_1_n_0                                                                                                        |                                                                                                                                              |               13 |             64 |
|  design_1_i/clk_wiz_0/inst/clk_out2                  | design_1_i/myip_0/inst/myip_v1_0_REGS_AXI_inst/slv_reg[39][31]_i_1_n_0                                                                                                        |                                                                                                                                              |               15 |             64 |
|  design_1_i/clk_wiz_0/inst/clk_out2                  | design_1_i/myip_0/inst/myip_v1_0_REGS_AXI_inst/slv_reg[40][31]_i_1_n_0                                                                                                        |                                                                                                                                              |               15 |             64 |
|  design_1_i/clk_wiz_0/inst/clk_out2                  | design_1_i/myip_0/inst/myip_v1_0_REGS_AXI_inst/slv_reg[3][31]_i_1_n_0                                                                                                         |                                                                                                                                              |               16 |             64 |
|  design_1_i/clk_wiz_0/inst/clk_out2                  | design_1_i/myip_0/inst/myip_v1_0_REGS_AXI_inst/slv_reg[41][31]_i_1_n_0                                                                                                        |                                                                                                                                              |               15 |             64 |
|  design_1_i/clk_wiz_0/inst/clk_out2                  | design_1_i/myip_0/inst/myip_v1_0_REGS_AXI_inst/slv_reg[42][31]_i_1_n_0                                                                                                        |                                                                                                                                              |               14 |             64 |
|  design_1_i/clk_wiz_0/inst/clk_out2                  | design_1_i/myip_0/inst/myip_v1_0_REGS_AXI_inst/slv_reg[43][31]_i_1_n_0                                                                                                        |                                                                                                                                              |               17 |             64 |
|  design_1_i/clk_wiz_0/inst/clk_out2                  | design_1_i/myip_0/inst/myip_v1_0_REGS_AXI_inst/slv_reg[44][31]_i_1_n_0                                                                                                        |                                                                                                                                              |               15 |             64 |
|  design_1_i/clk_wiz_0/inst/clk_out2                  | design_1_i/myip_0/inst/myip_v1_0_REGS_AXI_inst/slv_reg[45][31]_i_1_n_0                                                                                                        |                                                                                                                                              |               16 |             64 |
|  design_1_i/clk_wiz_0/inst/clk_out2                  | design_1_i/myip_0/inst/myip_v1_0_REGS_AXI_inst/slv_reg[47][31]_i_1_n_0                                                                                                        |                                                                                                                                              |               15 |             64 |
|  design_1_i/clk_wiz_0/inst/clk_out2                  | design_1_i/myip_0/inst/myip_v1_0_REGS_AXI_inst/slv_reg[46][31]_i_1_n_0                                                                                                        |                                                                                                                                              |               16 |             64 |
|  design_1_i/clk_wiz_0/inst/clk_out2                  | design_1_i/myip_0/inst/myip_v1_0_REGS_AXI_inst/slv_reg[48][31]_i_1_n_0                                                                                                        |                                                                                                                                              |               13 |             64 |
|  design_1_i/clk_wiz_0/inst/clk_out2                  | design_1_i/myip_0/inst/myip_v1_0_REGS_AXI_inst/slv_reg[49][31]_i_1_n_0                                                                                                        |                                                                                                                                              |               13 |             64 |
|  design_1_i/clk_wiz_0/inst/clk_out2                  | design_1_i/myip_0/inst/myip_v1_0_REGS_AXI_inst/slv_reg[4][31]_i_1_n_0                                                                                                         |                                                                                                                                              |               16 |             64 |
|  design_1_i/clk_wiz_0/inst/clk_out2                  | design_1_i/myip_0/inst/myip_v1_0_REGS_AXI_inst/slv_reg[50][31]_i_1_n_0                                                                                                        |                                                                                                                                              |               13 |             64 |
|  design_1_i/clk_wiz_0/inst/clk_out2                  | design_1_i/myip_0/inst/myip_v1_0_REGS_AXI_inst/slv_reg[51][31]_i_1_n_0                                                                                                        |                                                                                                                                              |               11 |             64 |
|  design_1_i/clk_wiz_0/inst/clk_out2                  | design_1_i/myip_0/inst/myip_v1_0_REGS_AXI_inst/slv_reg[53][31]_i_1_n_0                                                                                                        |                                                                                                                                              |               12 |             64 |
|  design_1_i/clk_wiz_0/inst/clk_out2                  | design_1_i/myip_0/inst/myip_v1_0_REGS_AXI_inst/slv_reg[52][31]_i_1_n_0                                                                                                        |                                                                                                                                              |               12 |             64 |
|  design_1_i/clk_wiz_0/inst/clk_out2                  | design_1_i/myip_0/inst/myip_v1_0_REGS_AXI_inst/slv_reg[55][31]_i_1_n_0                                                                                                        |                                                                                                                                              |               15 |             64 |
|  design_1_i/clk_wiz_0/inst/clk_out2                  | design_1_i/myip_0/inst/myip_v1_0_REGS_AXI_inst/slv_reg[54][31]_i_1_n_0                                                                                                        |                                                                                                                                              |               14 |             64 |
|  design_1_i/clk_wiz_0/inst/clk_out2                  | design_1_i/myip_0/inst/myip_v1_0_REGS_AXI_inst/slv_reg[5][31]_i_1_n_0                                                                                                         |                                                                                                                                              |               16 |             64 |
|  design_1_i/clk_wiz_0/inst/clk_out2                  | design_1_i/myip_0/inst/myip_v1_0_REGS_AXI_inst/slv_reg[6][31]_i_1_n_0                                                                                                         |                                                                                                                                              |               16 |             64 |
|  design_1_i/clk_wiz_0/inst/clk_out2                  | design_1_i/myip_0/inst/myip_v1_0_REGS_AXI_inst/slv_reg[7][31]_i_1_n_0                                                                                                         |                                                                                                                                              |               16 |             64 |
|  design_1_i/clk_wiz_0/inst/clk_out2                  | design_1_i/myip_0/inst/myip_v1_0_REGS_AXI_inst/slv_reg[9][31]_i_1_n_0                                                                                                         |                                                                                                                                              |               18 |             64 |
|  design_1_i/clk_wiz_0/inst/clk_out2                  | design_1_i/myip_0/inst/myip_v1_0_REGS_AXI_inst/slv_reg[8][31]_i_1_n_0                                                                                                         |                                                                                                                                              |               16 |             64 |
|  design_1_i/clk_wiz_0/inst/clk_out2                  | design_1_i/myip_0/inst/myip_v1_0_REGS_AXI_inst/slv_reg_rden                                                                                                                   | design_1_i/myip_0/inst/myip_v1_0_REGS_AXI_inst/p_0_in__0                                                                                     |               16 |             64 |
|  design_1_i/clk_wiz_0/inst/clk_out2                  | design_1_i/smartconnect_0/inst/m01_exit_pipeline/m01_exit/inst/splitter_inst/gen_axi4lite.axilite_b2s/SI_REG/r_pipe/m_payload_i[31]_i_1_n_0                                   |                                                                                                                                              |                9 |             64 |
|  design_1_i/clk_wiz_0/inst/clk_out2                  | design_1_i/smartconnect_0/inst/m02_exit_pipeline/m02_exit/inst/splitter_inst/gen_axi4lite.axilite_b2s/RD.r_channel_0/rd_data_fifo_0/sel                                       |                                                                                                                                              |               10 |             64 |
|  design_1_i/clk_wiz_0/inst/clk_out2                  | design_1_i/smartconnect_0/inst/m02_exit_pipeline/m02_exit/inst/splitter_inst/gen_axi4lite.axilite_b2s/SI_REG/r_pipe/m_payload_i[31]_i_1_n_0                                   |                                                                                                                                              |               10 |             64 |
|  design_1_i/clk_wiz_0/inst/clk_out2                  | design_1_i/smartconnect_0/inst/m01_exit_pipeline/m01_exit/inst/splitter_inst/gen_axi4lite.axilite_b2s/RD.r_channel_0/rd_data_fifo_0/sel                                       |                                                                                                                                              |                9 |             64 |
|  design_1_i/clk_wiz_0/inst/clk_out2                  | design_1_i/myip_0/inst/myip_v1_0_DATA_AXI_inst/axi_rdata[31]_i_1__1_n_0                                                                                                       | design_1_i/myip_0/inst/myip_v1_0_DATA_AXI_inst/SR[0]                                                                                         |               32 |             64 |
|  design_1_i/clk_wiz_0/inst/clk_out2                  | design_1_i/myip_0/inst/myip_v1_0_REGS_AXI_inst/slv_reg[21][31]_i_1_n_0                                                                                                        |                                                                                                                                              |               14 |             64 |
|  design_1_i/clk_wiz_0/inst/clk_out2                  | design_1_i/myip_0/inst/myip_v1_0_REGS_AXI_inst/slv_reg[19][31]_i_1_n_0                                                                                                        |                                                                                                                                              |               15 |             64 |
|  design_1_i/clk_wiz_0/inst/clk_out2                  | design_1_i/myip_0/inst/myip_v1_0_REGS_AXI_inst/slv_reg[17][31]_i_1_n_0                                                                                                        |                                                                                                                                              |               12 |             64 |
|  design_1_i/clk_wiz_0/inst/clk_out2                  | design_1_i/myip_0/inst/myip_v1_0_REGS_AXI_inst/slv_reg[18][31]_i_1_n_0                                                                                                        |                                                                                                                                              |               16 |             64 |
|  design_1_i/clk_wiz_0/inst/clk_out2                  | design_1_i/myip_0/inst/myip_v1_0_REGS_AXI_inst/slv_reg[16][31]_i_1_n_0                                                                                                        |                                                                                                                                              |               17 |             64 |
|  design_1_i/clk_wiz_0/inst/clk_out2                  | design_1_i/myip_0/inst/myip_v1_0_REGS_AXI_inst/slv_reg[10][31]_i_1_n_0                                                                                                        |                                                                                                                                              |               15 |             64 |
|  design_1_i/clk_wiz_0/inst/clk_out2                  | design_1_i/myip_0/inst/myip_v1_0_REGS_AXI_inst/slv_reg[11][31]_i_1_n_0                                                                                                        |                                                                                                                                              |               16 |             64 |
|  design_1_i/clk_wiz_0/inst/clk_out2                  | design_1_i/myip_0/inst/myip_v1_0_REGS_AXI_inst/slv_reg[12][31]_i_1_n_0                                                                                                        |                                                                                                                                              |               15 |             64 |
|  design_1_i/clk_wiz_0/inst/clk_out2                  | design_1_i/myip_0/inst/myip_v1_0_REGS_AXI_inst/slv_reg[0][31]_i_1_n_0                                                                                                         |                                                                                                                                              |               16 |             64 |
|  design_1_i/clk_wiz_0/inst/clk_out2                  | design_1_i/myip_0/inst/myip_v1_0_REGS_AXI_inst/slv_reg[14][31]_i_1_n_0                                                                                                        |                                                                                                                                              |               16 |             64 |
|  design_1_i/clk_wiz_0/inst/clk_out2                  | design_1_i/myip_0/inst/myip_v1_0_REGS_AXI_inst/slv_reg[13][31]_i_1_n_0                                                                                                        |                                                                                                                                              |               16 |             64 |
|  design_1_i/clk_wiz_0/inst/clk_out2                  | design_1_i/myip_0/inst/myip_v1_0_REGS_AXI_inst/slv_reg[15][31]_i_1_n_0                                                                                                        |                                                                                                                                              |               15 |             64 |
|  design_1_i/clk_wiz_0/inst/clk_out2                  | design_1_i/myip_0/inst/myip_v1_0_REGS_AXI_inst/slv_reg[20][31]_i_1_n_0                                                                                                        |                                                                                                                                              |               16 |             64 |
|  design_1_i/clk_wiz_0/inst/clk_out2                  | design_1_i/myip_0/inst/myip_v1_0_REGS_AXI_inst/slv_reg[1][31]_i_1_n_0                                                                                                         |                                                                                                                                              |               17 |             64 |
|  design_1_i/clk_wiz_0/inst/clk_out2                  | design_1_i/myip_0/inst/myip_v1_0_INSTR_AXI_inst/axi_rdata[31]_i_1__0_n_0                                                                                                      | design_1_i/myip_0/inst/myip_v1_0_INSTR_AXI_inst/SR[0]                                                                                        |               32 |             64 |
|  design_1_i/clk_wiz_0/inst/clk_out2                  | design_1_i/smartconnect_0/inst/m00_exit_pipeline/m00_exit/inst/splitter_inst/gen_axi4lite.axilite_b2s/SI_REG/r_pipe/m_payload_i[31]_i_1_n_0                                   |                                                                                                                                              |               10 |             64 |
|  design_1_i/clk_wiz_0/inst/clk_out2                  | design_1_i/smartconnect_0/inst/m00_exit_pipeline/m00_exit/inst/splitter_inst/gen_axi4lite.axilite_b2s/RD.r_channel_0/rd_data_fifo_0/sel                                       |                                                                                                                                              |               10 |             64 |
|  design_1_i/clk_wiz_0/inst/clk_out2                  | design_1_i/myip_0/inst/myip_v1_0_REGS_AXI_inst/slv_reg[22][31]_i_1_n_0                                                                                                        |                                                                                                                                              |               15 |             64 |
|  design_1_i/clk_wiz_0/inst/clk_out2                  | design_1_i/myip_0/inst/myip_v1_0_REGS_AXI_inst/slv_reg[24][31]_i_1_n_0                                                                                                        |                                                                                                                                              |               16 |             64 |
|  design_1_i/clk_wiz_0/inst/clk_out2                  | design_1_i/myip_0/inst/myip_v1_0_REGS_AXI_inst/slv_reg[23][31]_i_1_n_0                                                                                                        |                                                                                                                                              |               16 |             64 |
|  design_1_i/clk_wiz_0/inst/clk_out2                  | design_1_i/myip_0/inst/myip_v1_0_REGS_AXI_inst/slv_reg[26][31]_i_1_n_0                                                                                                        |                                                                                                                                              |               13 |             64 |
|  design_1_i/clk_wiz_0/inst/clk_out2                  | design_1_i/myip_0/inst/myip_v1_0_REGS_AXI_inst/slv_reg[25][31]_i_1_n_0                                                                                                        |                                                                                                                                              |               17 |             64 |
|  design_1_i/clk_wiz_0/inst/clk_out2                  | design_1_i/smartconnect_0/inst/s00_entry_pipeline/s00_si_converter/inst/converter.wrap_narrow_inst/gen_thread_loop[0].r_payld_fifo/cmd_fifo/mesg_reg_reg[38][0]               |                                                                                                                                              |                9 |             64 |
|  design_1_i/clk_wiz_0/inst/clk_out2                  | design_1_i/smartconnect_0/inst/s00_entry_pipeline/s00_si_converter/inst/converter.wrap_narrow_inst/gen_thread_loop[0].r_payld_fifo/gen_srls[38].srl_nx1/push                  |                                                                                                                                              |                9 |             64 |
|  design_1_i/clk_wiz_0/inst/clk_out2                  | design_1_i/myip_0/inst/myip_v1_0_REGS_AXI_inst/slv_reg[27][31]_i_1_n_0                                                                                                        |                                                                                                                                              |               19 |             64 |
|  design_1_i/clk_wiz_0/inst/clk_out2                  | design_1_i/myip_0/inst/myip_v1_0_REGS_AXI_inst/slv_reg[28][31]_i_1_n_0                                                                                                        |                                                                                                                                              |               15 |             64 |
|  design_1_i/clk_wiz_0/inst/clk_out2                  | design_1_i/myip_0/inst/myip_v1_0_REGS_AXI_inst/slv_reg[29][31]_i_1_n_0                                                                                                        |                                                                                                                                              |               12 |             64 |
|  design_1_i/clk_wiz_0/inst/clk_out2                  | design_1_i/myip_0/inst/myip_v1_0_REGS_AXI_inst/slv_reg[2][31]_i_1_n_0                                                                                                         |                                                                                                                                              |               17 |             64 |
|  design_1_i/clk_wiz_0/inst/clk_out2                  | design_1_i/smartconnect_0/inst/s00_entry_pipeline/s00_si_converter/inst/converter.wrap_narrow_inst/r_shelf                                                                    |                                                                                                                                              |                9 |             64 |
|  design_1_i/clk_wiz_0/inst/clk_out2                  | design_1_i/myip_0/inst/myip_v1_0_REGS_AXI_inst/slv_reg[30][31]_i_1_n_0                                                                                                        |                                                                                                                                              |               15 |             64 |
|  design_1_i/clk_wiz_0/inst/clk_out2                  | design_1_i/myip_0/inst/myip_v1_0_REGS_AXI_inst/slv_reg[31][31]_i_1_n_0                                                                                                        |                                                                                                                                              |               18 |             64 |
|  design_1_i/clk_wiz_0/inst/clk_out2                  | design_1_i/myip_0/inst/myip_v1_0_REGS_AXI_inst/slv_reg[32][31]_i_1_n_0                                                                                                        |                                                                                                                                              |               16 |             64 |
|  design_1_i/clk_wiz_0/inst/clk_out2                  | design_1_i/myip_0/inst/myip_v1_0_REGS_AXI_inst/slv_reg[33][31]_i_1_n_0                                                                                                        |                                                                                                                                              |               14 |             64 |
|  design_1_i/clk_wiz_0/inst/clk_out2                  | design_1_i/myip_0/inst/myip_v1_0_REGS_AXI_inst/slv_reg[34][31]_i_1_n_0                                                                                                        |                                                                                                                                              |               14 |             64 |
|  design_1_i/clk_wiz_0/inst/clk_out2                  | design_1_i/smartconnect_0/inst/switchboards/i_nodes/i_r_node/inst/inst_si_handler/inst_mi_handler/ingress_valid                                                               |                                                                                                                                              |               22 |             64 |
|  design_1_i/clk_wiz_0/inst/clk_out2                  | design_1_i/myip_0/inst/myip_v1_0_REGS_AXI_inst/slv_reg[35][31]_i_1_n_0                                                                                                        |                                                                                                                                              |               17 |             64 |
|  design_1_i/clk_wiz_0/inst/clk_out1                  | design_1_i/myip_0/inst/risc_v/PC_MODULE_i_1_n_0                                                                                                                               | design_1_i/myip_0/inst/myip_v1_0_REGS_AXI_inst/CSR[0]                                                                                        |                6 |             64 |
|  design_1_i/clk_wiz_0/inst/clk_out2                  | design_1_i/smartconnect_0/inst/s00_entry_pipeline/s00_si_converter/inst/converter.wrap_narrow_inst/w_payld_fifo/gen_srls[103].srl_nx1/push                                    |                                                                                                                                              |               10 |             78 |
|  design_1_i/clk_wiz_0/inst/clk_out2                  | design_1_i/smartconnect_0/inst/switchboards/i_nodes/i_w_node/inst/inst_si_handler/inst_arb_stall_late/inst_mi_handler/ingress_valid                                           |                                                                                                                                              |               10 |             80 |
|  design_1_i/clk_wiz_0/inst/clk_out2                  | design_1_i/smartconnect_0/inst/s00_entry_pipeline/s00_si_converter/inst/splitter_inst/E[0]                                                                                    |                                                                                                                                              |               11 |             80 |
|  design_1_i/clk_wiz_0/inst/clk_out2                  |                                                                                                                                                                               | design_1_i/smartconnect_0/inst/s00_entry_pipeline/s00_si_converter/inst/areset                                                               |               28 |            118 |
|  design_1_i/myip_0/inst/risc_v/TIMER/cnt[63]_i_2_n_0 |                                                                                                                                                                               | design_1_i/myip_0/inst/myip_v1_0_REGS_AXI_inst/CSR[0]                                                                                        |               16 |            128 |
|  design_1_i/clk_wiz_0/inst/clk_out1                  | design_1_i/myip_0/inst/risc_v/IF_ID_REGISTER_i_1_n_0                                                                                                                          | design_1_i/myip_0/inst/myip_v1_0_REGS_AXI_inst/CSR[0]                                                                                        |               57 |            128 |
|  design_1_i/clk_wiz_0/inst/clk_out2                  | design_1_i/myip_0/inst/myip_v1_0_INSTR_AXI_inst/slv_reg_reg_r1_960_1023_0_2_i_1_n_0                                                                                           |                                                                                                                                              |               22 |            176 |
|  design_1_i/clk_wiz_0/inst/clk_out2                  | design_1_i/myip_0/inst/myip_v1_0_INSTR_AXI_inst/slv_reg_reg_r1_832_895_0_2_i_1_n_0                                                                                            |                                                                                                                                              |               22 |            176 |
|  design_1_i/clk_wiz_0/inst/clk_out2                  | design_1_i/myip_0/inst/myip_v1_0_INSTR_AXI_inst/slv_reg_reg_r1_768_831_0_2_i_1_n_0                                                                                            |                                                                                                                                              |               22 |            176 |
|  design_1_i/clk_wiz_0/inst/clk_out2                  | design_1_i/myip_0/inst/myip_v1_0_INSTR_AXI_inst/slv_reg_reg_r1_704_767_0_2_i_1_n_0                                                                                            |                                                                                                                                              |               22 |            176 |
|  design_1_i/clk_wiz_0/inst/clk_out2                  | design_1_i/myip_0/inst/myip_v1_0_INSTR_AXI_inst/slv_reg_reg_r1_64_127_0_2_i_1_n_0                                                                                             |                                                                                                                                              |               22 |            176 |
|  design_1_i/clk_wiz_0/inst/clk_out2                  | design_1_i/myip_0/inst/myip_v1_0_INSTR_AXI_inst/slv_reg_reg_r1_576_639_0_2_i_1_n_0                                                                                            |                                                                                                                                              |               22 |            176 |
|  design_1_i/clk_wiz_0/inst/clk_out2                  | design_1_i/myip_0/inst/myip_v1_0_INSTR_AXI_inst/slv_reg_reg_r1_640_703_0_2_i_1_n_0                                                                                            |                                                                                                                                              |               22 |            176 |
|  design_1_i/clk_wiz_0/inst/clk_out2                  | design_1_i/myip_0/inst/myip_v1_0_INSTR_AXI_inst/slv_reg_reg_r1_448_511_0_2_i_1_n_0                                                                                            |                                                                                                                                              |               22 |            176 |
|  design_1_i/clk_wiz_0/inst/clk_out2                  | design_1_i/myip_0/inst/myip_v1_0_INSTR_AXI_inst/slv_reg_reg_r1_512_575_0_2_i_1_n_0                                                                                            |                                                                                                                                              |               22 |            176 |
|  design_1_i/clk_wiz_0/inst/clk_out2                  | design_1_i/myip_0/inst/myip_v1_0_INSTR_AXI_inst/slv_reg_reg_r1_384_447_0_2_i_1_n_0                                                                                            |                                                                                                                                              |               22 |            176 |
|  design_1_i/clk_wiz_0/inst/clk_out2                  | design_1_i/myip_0/inst/myip_v1_0_INSTR_AXI_inst/slv_reg_reg_r1_320_383_0_2_i_1_n_0                                                                                            |                                                                                                                                              |               22 |            176 |
|  design_1_i/clk_wiz_0/inst/clk_out2                  | design_1_i/myip_0/inst/myip_v1_0_INSTR_AXI_inst/slv_reg_reg_r1_256_319_0_2_i_1_n_0                                                                                            |                                                                                                                                              |               22 |            176 |
|  design_1_i/clk_wiz_0/inst/clk_out2                  | design_1_i/myip_0/inst/myip_v1_0_INSTR_AXI_inst/slv_reg_reg_r1_192_255_0_2_i_1_n_0                                                                                            |                                                                                                                                              |               22 |            176 |
|  design_1_i/clk_wiz_0/inst/clk_out2                  | design_1_i/myip_0/inst/myip_v1_0_INSTR_AXI_inst/slv_reg_reg_r1_0_63_0_2_i_1_n_0                                                                                               |                                                                                                                                              |               22 |            176 |
|  design_1_i/clk_wiz_0/inst/clk_out2                  | design_1_i/myip_0/inst/myip_v1_0_INSTR_AXI_inst/slv_reg_reg_r1_896_959_0_2_i_1_n_0                                                                                            |                                                                                                                                              |               22 |            176 |
|  design_1_i/clk_wiz_0/inst/clk_out2                  | design_1_i/myip_0/inst/myip_v1_0_INSTR_AXI_inst/slv_reg_reg_r1_128_191_0_2_i_1_n_0                                                                                            |                                                                                                                                              |               22 |            176 |
|  design_1_i/clk_wiz_0/inst/clk_out2                  | design_1_i/myip_0/inst/myip_v1_0_DATA_AXI_inst/slv_reg_reg_r1_576_639_0_2_i_1__0_n_0                                                                                          |                                                                                                                                              |               33 |            264 |
|  design_1_i/clk_wiz_0/inst/clk_out2                  | design_1_i/myip_0/inst/myip_v1_0_DATA_AXI_inst/slv_reg_reg_r1_640_703_0_2_i_1__0_n_0                                                                                          |                                                                                                                                              |               33 |            264 |
|  design_1_i/clk_wiz_0/inst/clk_out2                  | design_1_i/myip_0/inst/myip_v1_0_DATA_AXI_inst/slv_reg_reg_r1_448_511_0_2_i_1__0_n_0                                                                                          |                                                                                                                                              |               33 |            264 |
|  design_1_i/clk_wiz_0/inst/clk_out2                  | design_1_i/myip_0/inst/myip_v1_0_DATA_AXI_inst/slv_reg_reg_r1_512_575_0_2_i_1__0_n_0                                                                                          |                                                                                                                                              |               33 |            264 |
|  design_1_i/clk_wiz_0/inst/clk_out2                  | design_1_i/myip_0/inst/myip_v1_0_DATA_AXI_inst/slv_reg_reg_r1_384_447_0_2_i_1__0_n_0                                                                                          |                                                                                                                                              |               33 |            264 |
|  design_1_i/clk_wiz_0/inst/clk_out2                  | design_1_i/myip_0/inst/myip_v1_0_DATA_AXI_inst/slv_reg_reg_r1_320_383_0_2_i_1__0_n_0                                                                                          |                                                                                                                                              |               33 |            264 |
|  design_1_i/clk_wiz_0/inst/clk_out2                  | design_1_i/myip_0/inst/myip_v1_0_DATA_AXI_inst/slv_reg_reg_r1_256_319_0_2_i_1__0_n_0                                                                                          |                                                                                                                                              |               33 |            264 |
|  design_1_i/clk_wiz_0/inst/clk_out2                  | design_1_i/myip_0/inst/myip_v1_0_DATA_AXI_inst/slv_reg_reg_r1_896_959_0_2_i_1__0_n_0                                                                                          |                                                                                                                                              |               33 |            264 |
|  design_1_i/clk_wiz_0/inst/clk_out2                  | design_1_i/myip_0/inst/myip_v1_0_DATA_AXI_inst/slv_reg_reg_r1_192_255_0_2_i_1__0_n_0                                                                                          |                                                                                                                                              |               33 |            264 |
|  design_1_i/clk_wiz_0/inst/clk_out2                  | design_1_i/myip_0/inst/myip_v1_0_DATA_AXI_inst/slv_reg_reg_r1_128_191_0_2_i_1__0_n_0                                                                                          |                                                                                                                                              |               33 |            264 |
|  design_1_i/clk_wiz_0/inst/clk_out2                  | design_1_i/myip_0/inst/myip_v1_0_DATA_AXI_inst/slv_reg_reg_r1_0_63_0_2_i_4_n_0                                                                                                |                                                                                                                                              |               33 |            264 |
|  design_1_i/clk_wiz_0/inst/clk_out2                  | design_1_i/myip_0/inst/myip_v1_0_DATA_AXI_inst/slv_reg_reg_r1_704_767_0_2_i_1__0_n_0                                                                                          |                                                                                                                                              |               33 |            264 |
|  design_1_i/clk_wiz_0/inst/clk_out2                  | design_1_i/myip_0/inst/myip_v1_0_DATA_AXI_inst/slv_reg_reg_r1_768_831_0_2_i_1__0_n_0                                                                                          |                                                                                                                                              |               33 |            264 |
|  design_1_i/clk_wiz_0/inst/clk_out2                  | design_1_i/myip_0/inst/myip_v1_0_DATA_AXI_inst/slv_reg_reg_r1_832_895_0_2_i_1__0_n_0                                                                                          |                                                                                                                                              |               33 |            264 |
|  design_1_i/clk_wiz_0/inst/clk_out2                  | design_1_i/myip_0/inst/myip_v1_0_DATA_AXI_inst/slv_reg_reg_r1_960_1023_0_2_i_1__0_n_0                                                                                         |                                                                                                                                              |               33 |            264 |
|  design_1_i/clk_wiz_0/inst/clk_out2                  | design_1_i/myip_0/inst/myip_v1_0_DATA_AXI_inst/slv_reg_reg_r1_64_127_0_2_i_1__0_n_0                                                                                           |                                                                                                                                              |               33 |            264 |
|  design_1_i/clk_wiz_0/inst/clk_out2                  |                                                                                                                                                                               |                                                                                                                                              |               79 |            404 |
|  design_1_i/clk_wiz_0/inst/clk_out2                  | design_1_i/proc_sys_reset_0/U0/peripheral_aresetn[0]                                                                                                                          |                                                                                                                                              |              158 |            448 |
|  design_1_i/clk_wiz_0/inst/clk_out1                  | design_1_i/myip_0/inst/risc_v/write0                                                                                                                                          | design_1_i/myip_0/inst/myip_v1_0_REGS_AXI_inst/CSR[0]                                                                                        |              172 |           1014 |
+------------------------------------------------------+-------------------------------------------------------------------------------------------------------------------------------------------------------------------------------+----------------------------------------------------------------------------------------------------------------------------------------------+------------------+----------------+


